Update Error: null
Updated Profile: {
  id: '50ba4265-3f6c-4373-97d8-af2440ff6ff0',
  full_name: 'ai4 exploit',
  email: 'artififour@gmail.com',
  uni_reg_no: 'CCE24CS999',
  phone: null,
  role: 'user',
  avatar_url: 'https://lh3.googleusercontent.com/a/ACg8ocIvWiZxL_8SexlHo9je8SJPGDuo8Kjab7-BD7mtIm5M9KkGow=s96-c',
  created_at: '2026-03-30T19:14:25.435598+00:00'
}
Verified DB Row: {
  id: '50ba4265-3f6c-4373-97d8-af2440ff6ff0',
  full_name: 'ai4 exploit',
  email: 'artififour@gmail.com',
  uni_reg_no: 'CCE24CS999',
  phone: null,
  role: 'user',
  avatar_url: 'https://lh3.googleusercontent.com/a/ACg8ocIvWiZxL_8SexlHo9je8SJPGDuo8Kjab7-BD7mtIm5M9KkGow=s96-c',
  created_at: '2026-03-30T19:14:25.435598+00:00'
}
